[
  "Autofac",
  "CommandLine",
  "CSharpx",
  "JetBrains",
  "MongoDB",
  "Proxy",
  "RailwaySharp",
  "Serilog",
  "Snapshooter",
  "Squadron",
  "Xunit"
]
