[
  {
    "Key": "Foo",
    "Value": [
      [
        {
          "Name": "_id",
          "Value": 1
        },
        {
          "Name": "FooName",
          "Value": "Foo1a"
        }
      ]
    ]
  }
]
