{
  "a1c9e3e8-b448-42da-a684-716932903041": {
    "Id": "a1c9e3e8-b448-42da-a684-716932903041",
    "Name": "Foo1"
  },
  "a1c9e3e8-b448-42da-a684-716932903042": {
    "Id": "a1c9e3e8-b448-42da-a684-716932903042",
    "Name": "Foo2"
  },
  "a1c9e3e8-b448-42da-a684-716932903043": {
    "Id": "a1c9e3e8-b448-42da-a684-716932903043",
    "Name": "Foo3"
  },
  "a1c9e3e8-b448-42da-a684-716932903044": {
    "Id": "a1c9e3e8-b448-42da-a684-716932903044",
    "Name": "Foo4"
  }
}
