{
  "Foo1": {
    "Id": "a1c9e3e8-b448-42da-a684-716932903041",
    "Name": "Foo1"
  },
  "Foo2": {
    "Id": "a1c9e3e8-b448-42da-a684-716932903042",
    "Name": "Foo2"
  },
  "Foo3": {
    "Id": "a1c9e3e8-b448-42da-a684-716932903043",
    "Name": "Foo3"
  },
  "Foo4": {
    "Id": "a1c9e3e8-b448-42da-a684-716932903044",
    "Name": "Foo4"
  }
}
