find({ "$or" : [{ "Name" : "Bar1" }, { "_id" : "1234" }] }).limit(5)
