find({ "$or" : [{ "Name" : "Bar1" }, { "Value" : "1234" }] }).limit(5)
