[
  {
    "Key": "a1c9e3e8-b448-42da-a684-716932903043",
    "Value": {
      "Id": "a1c9e3e8-b448-42da-a684-716932903043",
      "Name": "Bar3",
      "Value": "Value3"
    }
  },
  {
    "Key": "a1c9e3e8-b448-42da-a684-716932903044",
    "Value": {
      "Id": "a1c9e3e8-b448-42da-a684-716932903044",
      "Name": "Bar4",
      "Value": "Value4"
    }
  },
  {
    "Key": "a1c9e3e8-b448-42da-a684-716932903045",
    "Value": {
      "Id": "a1c9e3e8-b448-42da-a684-716932903045",
      "Name": "Bar5",
      "Value": "Value5"
    }
  },
  {
    "Key": "a1c9e3e8-b448-42da-a684-716932903046",
    "Value": {
      "Id": "a1c9e3e8-b448-42da-a684-716932903046",
      "Name": "Bar6",
      "Value": "Value6"
    }
  }
]
