[
  {
    "Key": "a1c9e3e8-b448-42da-a684-716932903041",
    "Value": {
      "Id": "a1c9e3e8-b448-42da-a684-716932903041",
      "Name": "Bar1",
      "Value": "Value1"
    }
  },
  {
    "Key": "a1c9e3e8-b448-42da-a684-716932903044",
    "Value": {
      "Id": "a1c9e3e8-b448-42da-a684-716932903044",
      "Name": "Bar4",
      "Value": "Value4"
    }
  },
  {
    "Key": "a1c9e3e8-b448-42da-a684-716932903046",
    "Value": {
      "Id": "a1c9e3e8-b448-42da-a684-716932903046",
      "Name": "Bar6",
      "Value": "Value6"
    }
  },
  {
    "Key": "a1c9e3e8-b448-42da-a684-716932903047",
    "Value": {
      "Id": "a1c9e3e8-b448-42da-a684-716932903047",
      "Name": "Bar7",
      "Value": "Value7"
    }
  }
]
