{
  "AllowedTypes": {},
  "AllowedTypesByNamespaces": [
    "Mongo",
    "SwissLife"
  ],
  "AllowedTypesByDependencies": []
}
