{
  "AllowedTypes": [
    {
      "Key": "MongoDB.Extensions.Context.AllowedTypes.Tests.Foo",
      "Value": false
    }
  ],
  "AllowedTypesByNamespaces": [
    "MongoDB.Extensions.Context"
  ],
  "AllowedTypesByDependencies": []
}
