{
  "AllowedTypes": [
    {
      "Key": "MongoDB.Extensions.Context.AllowedTypes.Tests.Foo",
      "Value": true
    }
  ],
  "AllowedTypesByNamespaces": [],
  "AllowedTypesByDependencies": []
}
