{
  "a1c9e3e8-b448-42da-a684-716932903043": {
    "Id": "a1c9e3e8-b448-42da-a684-716932903043",
    "Name": "Bar1",
    "Value": "Value1"
  }
}
